app/(main)/history/page.tsx(96,32): error TS2802: Type 'Set<string>' can only be iterated through when using the '--downlevelIteration' flag or with a '--target' of 'es2015' or higher.
app/(main)/layout.tsx(8,10): error TS2614: Module '"@/components/ThemeToggle"' has no exported member 'ThemeToggle'. Did you mean to use 'import ThemeToggle from "@/components/ThemeToggle"' instead?
app/api/agreements/route.ts(28,36): error TS2802: Type 'Set<any>' can only be iterated through when using the '--downlevelIteration' flag or with a '--target' of 'es2015' or higher.
app/api/agreements/route.ts(68,42): error TS2802: Type 'Set<any>' can only be iterated through when using the '--downlevelIteration' flag or with a '--target' of 'es2015' or higher.
app/api/agreements/route.ts(93,36): error TS2802: Type 'Set<any>' can only be iterated through when using the '--downlevelIteration' flag or with a '--target' of 'es2015' or higher.
